scripts/check-quests.ts(2,24): error TS2307: Cannot find module '../data/quests' or its corresponding type declarations.
scripts/check-tx-age-mainnet.ts(19,55): error TS2737: BigInt literals are not available when targeting lower than ES2020.
scripts/check-tx-age.ts(33,55): error TS2737: BigInt literals are not available when targeting lower than ES2020.
scripts/debug-across-raw.ts(17,39): error TS2737: BigInt literals are not available when targeting lower than ES2020.
scripts/debug-across-struct.ts(39,13): error TS2322: Type '{ anonymous: boolean; inputs: { indexed: boolean; internalType: string; name: string; type: string; }[]; name: string; type: string; }' is not assignable to type 'AbiEvent'.
  Types of property 'type' are incompatible.
    Type 'string' is not assignable to type '"event"'.
scripts/debug-across-struct.ts(40,39): error TS2737: BigInt literals are not available when targeting lower than ES2020.
scripts/debug-across-struct.ts(54,44): error TS2339: Property 'args' does not exist on type 'Log<bigint, number, false, AbiEvent | undefined, undefined, [AbiEvent] | undefined, string | undefined>'.
  Property 'args' does not exist on type '{ address: `0x${string}`; blockHash: `0x${string}`; blockNumber: bigint; data: `0x${string}`; logIndex: number; transactionHash: `0x${string}`; transactionIndex: number; removed: boolean; } & { topics: [] | [`0x${string}`, ...`0x${string}`[]]; }'.
scripts/debug-across-struct.ts(55,47): error TS2339: Property 'args' does not exist on type 'Log<bigint, number, false, AbiEvent | undefined, undefined, [AbiEvent] | undefined, string | undefined>'.
  Property 'args' does not exist on type '{ address: `0x${string}`; blockHash: `0x${string}`; blockNumber: bigint; data: `0x${string}`; logIndex: number; transactionHash: `0x${string}`; transactionIndex: number; removed: boolean; } & { topics: [] | [`0x${string}`, ...`0x${string}`[]]; }'.
scripts/debug-across-struct.ts(58,57): error TS2339: Property 'args' does not exist on type 'Log<bigint, number, false, AbiEvent | undefined, undefined, [AbiEvent] | undefined, string | undefined>'.
  Property 'args' does not exist on type '{ address: `0x${string}`; blockHash: `0x${string}`; blockNumber: bigint; data: `0x${string}`; logIndex: number; transactionHash: `0x${string}`; transactionIndex: number; removed: boolean; } & { topics: [] | [`0x${string}`, ...`0x${string}`[]]; }'.
scripts/debug-across-struct.ts(66,48): error TS2339: Property 'args' does not exist on type 'Log<bigint, number, false, AbiEvent | undefined, undefined, [AbiEvent] | undefined, string | undefined>'.
  Property 'args' does not exist on type '{ address: `0x${string}`; blockHash: `0x${string}`; blockNumber: bigint; data: `0x${string}`; logIndex: number; transactionHash: `0x${string}`; transactionIndex: number; removed: boolean; } & { topics: [] | [`0x${string}`, ...`0x${string}`[]]; }'.
scripts/debug-across.ts(38,13): error TS2322: Type '{ anonymous: boolean; inputs: { indexed: boolean; internalType: string; name: string; type: string; }[]; name: string; type: string; }' is not assignable to type 'AbiEvent'.
  Types of property 'type' are incompatible.
    Type 'string' is not assignable to type '"event"'.
scripts/debug-across.ts(39,39): error TS2737: BigInt literals are not available when targeting lower than ES2020.
scripts/debug-across.ts(47,52): error TS2339: Property 'args' does not exist on type 'Log<bigint, number, false, AbiEvent | undefined, undefined, [AbiEvent] | undefined, string | undefined>'.
  Property 'args' does not exist on type '{ address: `0x${string}`; blockHash: `0x${string}`; blockNumber: bigint; data: `0x${string}`; logIndex: number; transactionHash: `0x${string}`; transactionIndex: number; removed: boolean; } & { topics: [] | [`0x${string}`, ...`0x${string}`[]]; }'.
scripts/debug-across.ts(51,38): error TS2339: Property 'args' does not exist on type 'Log<bigint, number, false, AbiEvent | undefined, undefined, [AbiEvent] | undefined, string | undefined>'.
  Property 'args' does not exist on type '{ address: `0x${string}`; blockHash: `0x${string}`; blockNumber: bigint; data: `0x${string}`; logIndex: number; transactionHash: `0x${string}`; transactionIndex: number; removed: boolean; } & { topics: [] | [`0x${string}`, ...`0x${string}`[]]; }'.
scripts/debug-across.ts(56,21): error TS2322: Type '{ anonymous: boolean; inputs: { indexed: boolean; internalType: string; name: string; type: string; }[]; name: string; type: string; }' is not assignable to type 'AbiEvent'.
  Types of property 'type' are incompatible.
    Type 'string' is not assignable to type '"event"'.
scripts/debug-across.ts(60,47): error TS2737: BigInt literals are not available when targeting lower than ES2020.
scripts/debug-fallback-logic.ts(62,13): error TS2353: Object literal may only specify known properties, and 'topics' does not exist in type '({ address?: `0x${string}` | `0x${string}`[] | undefined; } & { event?: undefined; events?: undefined; args?: undefined; strict?: undefined; } & { fromBlock?: bigint | BlockTag | undefined; toBlock?: bigint | ... 1 more ... | undefined; blockHash?: undefined; }) | ({ ...; } & ... 1 more ... & { ...; }) | ({ ...; } &...'.
scripts/debug-fallback-logic.ts(76,13): error TS2353: Object literal may only specify known properties, and 'topics' does not exist in type '({ address?: `0x${string}` | `0x${string}`[] | undefined; } & { event?: undefined; events?: undefined; args?: undefined; strict?: undefined; } & { fromBlock?: bigint | BlockTag | undefined; toBlock?: bigint | ... 1 more ... | undefined; blockHash?: undefined; }) | ({ ...; } & ... 1 more ... & { ...; }) | ({ ...; } &...'.
scripts/debug-squid-logs.ts(26,39): error TS2737: BigInt literals are not available when targeting lower than ES2020.
scripts/debug-topics-only.ts(30,13): error TS2353: Object literal may only specify known properties, and 'topics' does not exist in type '({ address?: `0x${string}` | `0x${string}`[] | undefined; } & { event?: undefined; events?: undefined; args?: undefined; strict?: undefined; } & { fromBlock?: bigint | BlockTag | undefined; toBlock?: bigint | ... 1 more ... | undefined; blockHash?: undefined; }) | ({ ...; } & ... 1 more ... & { ...; }) | ({ ...; } &...'.
scripts/debug-tydro-tx.ts(3,24): error TS2307: Cannot find module '../data/quests' or its corresponding type declarations.
scripts/debug-verify-simulation.ts(2,42): error TS2307: Cannot find module '../lib/verify' or its corresponding type declarations.
scripts/test-getlogs-final.ts(49,13): error TS2322: Type '{ anonymous: boolean; inputs: { indexed: boolean; internalType: string; name: string; type: string; }[]; name: string; type: string; }' is not assignable to type 'AbiEvent'.
  Types of property 'type' are incompatible.
    Type 'string' is not assignable to type '"event"'.
scripts/test-getlogs-final.ts(65,17): error TS2322: Type '{ anonymous: boolean; inputs: { indexed: boolean; internalType: string; name: string; type: string; }[]; name: string; type: string; }' is not assignable to type 'AbiEvent'.
  Types of property 'type' are incompatible.
    Type 'string' is not assignable to type '"event"'.
scripts/test-getlogs-final.ts(71,51): error TS2339: Property 'args' does not exist on type 'Log<bigint, number, false, AbiEvent | undefined, undefined, [AbiEvent] | undefined, string | undefined>'.
  Property 'args' does not exist on type '{ address: `0x${string}`; blockHash: `0x${string}`; blockNumber: bigint; data: `0x${string}`; logIndex: number; transactionHash: `0x${string}`; transactionIndex: number; removed: boolean; } & { topics: [] | [`0x${string}`, ...`0x${string}`[]]; }'.
scripts/test-getlogs-final.ts(73,61): error TS2339: Property 'args' does not exist on type 'Log<bigint, number, false, AbiEvent | undefined, undefined, [AbiEvent] | undefined, string | undefined>'.
  Property 'args' does not exist on type '{ address: `0x${string}`; blockHash: `0x${string}`; blockNumber: bigint; data: `0x${string}`; logIndex: number; transactionHash: `0x${string}`; transactionIndex: number; removed: boolean; } & { topics: [] | [`0x${string}`, ...`0x${string}`[]]; }'.
scripts/test-strict-format.ts(31,13): error TS2353: Object literal may only specify known properties, and 'topics' does not exist in type '({ address?: `0x${string}` | `0x${string}`[] | undefined; } & { event?: undefined; events?: undefined; args?: undefined; strict?: undefined; } & { fromBlock?: bigint | BlockTag | undefined; toBlock?: bigint | ... 1 more ... | undefined; blockHash?: undefined; }) | ({ ...; } & ... 1 more ... & { ...; }) | ({ ...; } &...'.
scripts/test-strict-format.ts(43,17): error TS2353: Object literal may only specify known properties, and 'topics' does not exist in type '({ address?: `0x${string}` | `0x${string}`[] | undefined; } & { event?: undefined; events?: undefined; args?: undefined; strict?: undefined; } & { fromBlock?: bigint | BlockTag | undefined; toBlock?: bigint | ... 1 more ... | undefined; blockHash?: undefined; }) | ({ ...; } & ... 1 more ... & { ...; }) | ({ ...; } &...'.
scripts/test-verify-across.ts(36,38): error TS2345: Argument of type '{ anonymous: boolean; inputs: { indexed: boolean; internalType: string; name: string; type: string; }[]; name: string; type: string; }' is not assignable to parameter of type 'string | AbiEvent | AbiFunction'.
  Type '{ anonymous: boolean; inputs: { indexed: boolean; internalType: string; name: string; type: string; }[]; name: string; type: string; }' is not assignable to type 'AbiEvent | AbiFunction'.
    Type '{ anonymous: boolean; inputs: { indexed: boolean; internalType: string; name: string; type: string; }[]; name: string; type: string; }' is not assignable to type 'AbiEvent'.
      Types of property 'type' are incompatible.
        Type 'string' is not assignable to type '"event"'.
scripts/test-verify-bungee-deep.ts(18,42): error TS2737: BigInt literals are not available when targeting lower than ES2020.
scripts/test-verify-bungee-deep.ts(23,13): error TS2353: Object literal may only specify known properties, and 'topics' does not exist in type '({ address?: `0x${string}` | `0x${string}`[] | undefined; } & { event?: undefined; events?: undefined; args?: undefined; strict?: undefined; } & { fromBlock?: bigint | BlockTag | undefined; toBlock?: bigint | ... 1 more ... | undefined; blockHash?: undefined; }) | ({ ...; } & ... 1 more ... & { ...; }) | ({ ...; } &...'.
scripts/test-verify-bungee.ts(2,42): error TS2307: Cannot find module '../lib/verify' or its corresponding type declarations.
src/app/api/quests/[id]/verify/step/route.ts(71,35): error TS2339: Property 'error' does not exist on type '{ success: boolean; message: string; xp: number; } | { xp: number; success: boolean; error: string; message?: undefined; }'.
  Property 'error' does not exist on type '{ success: boolean; message: string; xp: number; }'.
src/app/api/user/[address]/sync/route.ts(24,33): error TS2339: Property 'type' does not exist on type 'QuestVerification | QuestVerification[]'.
  Property 'type' does not exist on type 'QuestVerification[]'.
